JUnit version 4.12
Recovering server2
Executing start server command:  /opt/homebrew/Cellar/openjdk@11/11.0.28/libexec/openjdk.jdk/Contents/Home/bin/java -cp lib/apache-cassandra-3.11.0.jar:lib/ratis-grpc-3.2.1.jar:lib/ratis-server-3.2.1-tests.jar:lib/slf4j-simple-1.7.25.jar:lib/grader.jar:lib/c3p0-0.9.5.jar:lib/zookeeper-3.9.1.jar:lib/ratis-client-3.2.1.jar:lib/json-smart-1.2.jar:lib/netty-all-4.1.4.Final.jar:lib/junit-4.12.jar:lib/ratis-grpc-3.2.1-tests.jar:lib/ratis-client-3.2.1-tests.jar:lib/guava-18.0.jar:lib/mchange-commons-java-0.2.9.jar:lib/ratis-common-3.2.1.jar:lib/zookeeper-jute-3.9.1.jar:lib/slf4j-api-1.7.7.jar:lib/ratis-metrics-default-3.2.1.jar:lib/gigapaxos-nio-src.jar:lib/ratis-proto-3.2.1.jar:lib/slf4j-api-2.0.7.jar:lib/hamcrest-all-1.3.jar:lib/jakarta.annotation-api-1.3.5.jar:lib/ratis-metrics-api-3.2.1.jar:lib/metrics-logback-3.1.0.jar:lib/metrics-jvm-3.1.0.jar:lib/ratis-server-3.2.1.jar:lib/cassandra-driver-core-3.0.1-shaded.jar:lib/ratis-server-api-3.2.1.jar:lib/ratis-thirdparty-misc-1.0.10.jar:lib/derby.jar:lib/gigapaxos-1.0.10.jar:lib/metrics-core-3.1.0.jar:bin:. -DgigapaxosConfig=conf/gigapaxos.properties -Djava.util.logging.config.file=logging.properties server.faulttolerance.MyDBFaultTolerantServerZK /Users/shivanshsoni/Projects/raft/conf/servers.properties server2
Recovering server1
Executing start server command:  /opt/homebrew/Cellar/openjdk@11/11.0.28/libexec/openjdk.jdk/Contents/Home/bin/java -cp lib/apache-cassandra-3.11.0.jar:lib/ratis-grpc-3.2.1.jar:lib/ratis-server-3.2.1-tests.jar:lib/slf4j-simple-1.7.25.jar:lib/grader.jar:lib/c3p0-0.9.5.jar:lib/zookeeper-3.9.1.jar:lib/ratis-client-3.2.1.jar:lib/json-smart-1.2.jar:lib/netty-all-4.1.4.Final.jar:lib/junit-4.12.jar:lib/ratis-grpc-3.2.1-tests.jar:lib/ratis-client-3.2.1-tests.jar:lib/guava-18.0.jar:lib/mchange-commons-java-0.2.9.jar:lib/ratis-common-3.2.1.jar:lib/zookeeper-jute-3.9.1.jar:lib/slf4j-api-1.7.7.jar:lib/ratis-metrics-default-3.2.1.jar:lib/gigapaxos-nio-src.jar:lib/ratis-proto-3.2.1.jar:lib/slf4j-api-2.0.7.jar:lib/hamcrest-all-1.3.jar:lib/jakarta.annotation-api-1.3.5.jar:lib/ratis-metrics-api-3.2.1.jar:lib/metrics-logback-3.1.0.jar:lib/metrics-jvm-3.1.0.jar:lib/ratis-server-3.2.1.jar:lib/cassandra-driver-core-3.0.1-shaded.jar:lib/ratis-server-api-3.2.1.jar:lib/ratis-thirdparty-misc-1.0.10.jar:lib/derby.jar:lib/gigapaxos-1.0.10.jar:lib/metrics-core-3.1.0.jar:bin:. -DgigapaxosConfig=conf/gigapaxos.properties -Djava.util.logging.config.file=logging.properties server.faulttolerance.MyDBFaultTolerantServerZK /Users/shivanshsoni/Projects/raft/conf/servers.properties server1
Recovering server0
Executing start server command:  /opt/homebrew/Cellar/openjdk@11/11.0.28/libexec/openjdk.jdk/Contents/Home/bin/java -cp lib/apache-cassandra-3.11.0.jar:lib/ratis-grpc-3.2.1.jar:lib/ratis-server-3.2.1-tests.jar:lib/slf4j-simple-1.7.25.jar:lib/grader.jar:lib/c3p0-0.9.5.jar:lib/zookeeper-3.9.1.jar:lib/ratis-client-3.2.1.jar:lib/json-smart-1.2.jar:lib/netty-all-4.1.4.Final.jar:lib/junit-4.12.jar:lib/ratis-grpc-3.2.1-tests.jar:lib/ratis-client-3.2.1-tests.jar:lib/guava-18.0.jar:lib/mchange-commons-java-0.2.9.jar:lib/ratis-common-3.2.1.jar:lib/zookeeper-jute-3.9.1.jar:lib/slf4j-api-1.7.7.jar:lib/ratis-metrics-default-3.2.1.jar:lib/gigapaxos-nio-src.jar:lib/ratis-proto-3.2.1.jar:lib/slf4j-api-2.0.7.jar:lib/hamcrest-all-1.3.jar:lib/jakarta.annotation-api-1.3.5.jar:lib/ratis-metrics-api-3.2.1.jar:lib/metrics-logback-3.1.0.jar:lib/metrics-jvm-3.1.0.jar:lib/ratis-server-3.2.1.jar:lib/cassandra-driver-core-3.0.1-shaded.jar:lib/ratis-server-api-3.2.1.jar:lib/ratis-thirdparty-misc-1.0.10.jar:lib/derby.jar:lib/gigapaxos-1.0.10.jar:lib/metrics-core-3.1.0.jar:bin:. -DgigapaxosConfig=conf/gigapaxos.properties -Djava.util.logging.config.file=logging.properties server.faulttolerance.MyDBFaultTolerantServerZK /Users/shivanshsoni/Projects/raft/conf/servers.properties server0
Started all servers; serverProcesses={server2=Process[pid=44221, exitValue="not exited"], server1=Process[pid=44222, exitValue="not exited"], server0=Process[pid=44239, exitValue="not exited"]}

Waiting (18 seconds) for ZK-or-other-approach servers to start
.test31_GracefulExecutionSingleRequest 

server2:{}
server1:{}
server0:{}
 FAILED!!!!!!!!!!!!! java.lang.AssertionError: nonEmpty=false
